
> vendor-platform@0.0.1 build
> next build

   Γû▓ Next.js 15.5.12
   - Environments: .env

   Creating an optimized production build ...
 Γ£ô Compiled successfully in 2.3s
   Linting and checking validity of types ...
