src/app/pages/GlobalDashboard.tsx(61,66): error TS7006: Parameter 'acc' implicitly has an 'any' type.
src/app/pages/GlobalDashboard.tsx(61,71): error TS7006: Parameter 'curr' implicitly has an 'any' type.
src/app/pages/GlobalDashboard.tsx(64,48): error TS7006: Parameter 'd' implicitly has an 'any' type.
src/app/pages/GlobalDashboard.tsx(300,36): error TS7006: Parameter 'activity' implicitly has an 'any' type.
src/lib/hooks/useDashboard.ts(2,36): error TS2307: Cannot find module '../../supabase/repos/dashboardRepo' or its corresponding type declarations.
src/pages/api/work-orders/[workOrderId]/vendor-upload-link.ts(33,7): error TS2345: Argument of type '{ allowedDocTypes: any; expiresInHours: any; maxFiles: any; maxTotalBytes: any; }' is not assignable to parameter of type 'CreateUploadLinkPayload'.
  Property 'vendorId' is missing in type '{ allowedDocTypes: any; expiresInHours: any; maxFiles: any; maxTotalBytes: any; }' but required in type 'CreateUploadLinkPayload'.
