Testing getDashboardData...
node.exe : Error fetching total spend: {
At line:1 char:1
+ & "C:\Program Files\nodejs/node.exe" 
"C:\Users\Vashonai\AppData\Roami ...
+ ~~~~~~~~~~~~~~~~~~~~~~~~~~~~~~~~~~~~~~~
~~~~~~~~~~~~~~~~~~~~~~~~~~~~~~
    + CategoryInfo          : NotSpecifi 
   ed: (Error fetching total spend: {:S  
  tring) [], RemoteException
    + FullyQualifiedErrorId : NativeComm 
   andError
 
  code: '42703',
  details: null,
  hint: null,
  message: 'column 
bank_transactions.org_id does not exist'
}
Test script failed: Error: Failed to 
fetch total spend
    at getDashboardSummary (C:\Users\Vash
onai\OneDrive\Desktop\projects\VendorPlat
formv1.0\src\lib\supabase\repos\dashboard
Repo.ts:94:11)
    at process.processTicksAndRejections 
(node:internal/process/task_queues:105:5)
    at async Promise.all (index 0)
    at async getDashboardData (C:\Users\V
ashonai\OneDrive\Desktop\projects\VendorP
latformv1.0\src\lib\supabase\repos\dashbo
ardRepo.ts:165:67)
    at async run (C:\Users\Vashonai\OneDr
ive\Desktop\projects\VendorPlatformv1.0\t
est_dashboardRepo.ts:11:18)
